// Jest Snapshot v1, https://goo.gl/fbAQLP

exports[`Pull can pull 1`] = `
"{
    \\"a.b.c.d\\": \\"Foo\\",
    \\"a.c.d.e\\": \\"Bar\\",
    \\"a.d.e.c\\": \\"FooBar\\",
    \\"o.l.e.o\\": \\"BarFoo\\",
    \\"K.u.i.l\\": \\"I have spoken\\",
    \\"K.u.i.l[extended]\\": \\"I have spoken\\",
    \\"K.u.i.l[\\": \\"I have spoken\\",
    \\"K.u.i.l]\\": \\"I have spoken\\",
    \\"K.u.i.l[]\\": \\"I have spoken\\",
    \\"K.u.i.l[,a]\\": \\"I have spoken\\",
    \\"K.u.i.l[a,]\\": \\"I have spoken\\",
    \\"K.u.i.l[ ]\\": \\"I have spoken\\",
    \\"K.u.i.l[ , a ]\\": \\"I have spoken\\",
    \\"K.u.i.l[ a , ]\\": \\"I have spoken\\",
    \\"K.u.i.l[b,a]\\": \\"I have spoken\\",
    \\"K.u.i.l[a,b]\\": \\"I have spoken\\"
}
"
`;

exports[`Pull can pull 2`] = `
"{
    \\"a.b.c.d\\": \\"Foo\\",
    \\"a.c.d.e\\": \\"Bar\\",
    \\"a.d.e.c\\": \\"FooBar\\",
    \\"o.l.e.o\\": \\"BarFoo\\",
    \\"K.u.i.l\\": \\"I have spoken\\",
    \\"K.u.i.l[extended]\\": \\"I have spoken\\",
    \\"K.u.i.l[\\": \\"I have spoken\\",
    \\"K.u.i.l]\\": \\"I have spoken\\",
    \\"K.u.i.l[]\\": \\"I have spoken\\",
    \\"K.u.i.l[,a]\\": \\"I have spoken\\",
    \\"K.u.i.l[a,]\\": \\"I have spoken\\",
    \\"K.u.i.l[ ]\\": \\"I have spoken\\",
    \\"K.u.i.l[ , a ]\\": \\"I have spoken\\",
    \\"K.u.i.l[ a , ]\\": \\"I have spoken\\",
    \\"K.u.i.l[b,a]\\": \\"I have spoken\\",
    \\"K.u.i.l[a,b]\\": \\"I have spoken\\"
}
"
`;
